// Jest Snapshot v1, https://goo.gl/fbAQLP

exports[`renders without crashing 1`] = `
<DocumentFragment>
  <h1>
    ...Loading
  </h1>
</DocumentFragment>
`;
