// Jest Snapshot v1, https://goo.gl/fbAQLP

exports[`matches snapshot 1`] = `
<DocumentFragment>
  <div>
    <h2>
      Activity List
    </h2>
    <div
      class="Activity"
      id="1"
    >
      <a
        class="Activity-link"
        href="/activities/1"
      >
        Test Activity 1
      </a>
      <button
        class="btn btn-primary btn-sm"
        type="button"
      >
        Like
      </button>
    </div>
    <div
      class="Activity"
      id="2"
    >
      <a
        class="Activity-link"
        href="/activities/2"
      >
        Test Activity 2
      </a>
      <button
        class="btn btn-primary btn-sm"
        type="button"
      >
        Like
      </button>
    </div>
  </div>
</DocumentFragment>
`;
