// Jest Snapshot v1, https://goo.gl/fbAQLP

exports[`matches snapshot 1`] = `
<DocumentFragment>
  <h2>
    Form
  </h2>
  <form
    class=""
  >
    <div
      class="form-group"
    >
      <label
        class="form-label"
        for="input1"
      >
        Input 1
      </label>
      <input
        class="form-control"
        id="input1"
        type="text"
        value=""
      />
    </div>
    <div
      class="form-group"
    >
      <label
        class="form-label"
        for="input2"
      >
        Input 2
      </label>
      <input
        class="form-control"
        id="input2"
        type="text"
        value=""
      />
    </div>
  </form>
  <button
    class="btn btn-primary"
    type="button"
  >
    Button Text
  </button>
</DocumentFragment>
`;
