// Jest Snapshot v1, https://goo.gl/fbAQLP

exports[`matches snapshot 1`] = `
<DocumentFragment>
  <h2>
    Log In
  </h2>
  <form
    class=""
  >
    <div
      class="form-group"
    >
      <label
        class="form-label"
        for="username"
      >
        Username:
      </label>
      <input
        class="form-control"
        id="username"
        type="text"
        value="testuser"
      />
    </div>
    <div
      class="form-group"
    >
      <label
        class="form-label"
        for="password"
      >
        Password
      </label>
      <input
        class="form-control"
        id="password"
        type="password"
        value="testing"
      />
    </div>
  </form>
  <button
    class="btn btn-primary"
    type="button"
  >
    Log In
  </button>
</DocumentFragment>
`;
