// Jest Snapshot v1, https://goo.gl/fbAQLP

exports[`matches snapshot 1`] = `
<DocumentFragment>
  <h2>
    Create a New Travel Plan
  </h2>
  <form
    class=""
  >
    <div
      class="form-group"
    >
      <label
        class="form-label"
        for="name"
      >
        Travel plan name:
      </label>
      <input
        class="form-control"
        id="name"
        type="text"
        value=""
      />
    </div>
    <div
      class="form-group"
    >
      <label
        class="form-label"
        for="numOfDays"
      >
        Number of days in travel plan:
      </label>
      <input
        class="form-control"
        id="numOfDays"
        type="text"
        value=""
      />
    </div>
  </form>
  <button
    class="btn btn-primary"
    type="button"
  >
    Create Plan
  </button>
</DocumentFragment>
`;
