// Jest Snapshot v1, https://goo.gl/fbAQLP

exports[`matches snapshot 1`] = `
<DocumentFragment>
  <h2>
    My Travel Plans
  </h2>
</DocumentFragment>
`;
